// Jest Snapshot v1, https://goo.gl/fbAQLP

exports[`<QueuedRequestsBannerAlert /> should render component 1`] = `<div />`;
